
༄༅། །བདུད་འཇོམས་གཏེར་གསར་སྔོན་འགྲོའི་ངག་འདོན་བསྡུས་པ་བཞུགས།།
Краткие Предварительные Практики Дуджом Терсар 
Волгоград 2011 
 
 
 
 
 
 
 
 
 
 
